// Jest Snapshot v1, https://goo.gl/fbAQLP

exports[`<Main /> should render the heading 1`] = `
<main
  class="sc-bdnxRM gIRxMS"
>
  <img
    alt="Imagem de um átomo e React Avançado escrito ao lado"
    class="sc-gtsrHT hamTtt"
    src="/img/logo.svg"
  />
  <h1
    class="sc-dlnjwi ddFGuv"
  >
    React Avançado
  </h1>
  <h2
    class="sc-hKFxyN kzNAgv"
  >
    Typescript, ReactJS, NextJS e Styled Components
  </h2>
  <img
    alt="Um desenvolvedor de frente para uma tela com código"
    class="sc-eCApnc jigjND"
    src="/img/hero-illustration.svg"
  />
</main>
`
